<?xml version="1.0"?>

  
         regexp: no+ (case)   string: n result: false
         regexp: no+ (nocase) string: n result: false
  
         regexp: no+ (case)   string: no result: true
         regexp: no+ (nocase) string: no result: true
  
         regexp: no+ (case)   string: nO result: false
         regexp: no+ (nocase) string: nO result: true
  
         regexp: no+ (case)   string: xnO result: false
         regexp: no+ (nocase) string: xnO result: true


